---
http_interactions:
- request:
    method: post
    uri: https://api.flickr.com/services/rest/
    body:
      encoding: US-ASCII
      string: photoset_id=72157632367381040&method=flickr.photosets.getInfo&format=json&nojsoncallback=1
    headers:
      Accept-Encoding:
      - gzip;q=1.0,deflate;q=0.6,identity;q=0.3
      Accept:
      - '*/*'
      User-Agent:
      - FlickRaw/0.9.8
      Authorization:
      - OAuth realm="https://api.flickr.com/services/rest/", oauth_consumer_key="<KUVA_API_KEY>",
        oauth_nonce="gqSR8pRRxGRe5LzMM%2FndfU%2B%2FOn%2BZzH86XPlfopC%2Fyi4%3D", oauth_signature="<KUVA_SHARED_SECRET>%26<KUVA_ACCESS_SECRET>",
        oauth_signature_method="PLAINTEXT", oauth_timestamp="1397347619", oauth_token="<KUVA_ACCESS_TOKEN>",
        oauth_version="1.0"
      Content-Type:
      - application/x-www-form-urlencoded
  response:
    status:
      code: 200
      message: OK
    headers:
      Date:
      - Sun, 13 Apr 2014 00:06:59 GMT
      P3p:
      - policyref="http://info.yahoo.com/w3c/p3p.xml", CP="CAO DSP COR CUR ADM DEV
        TAI PSA PSD IVAi IVDi CONi TELo OTPi OUR DELi SAMi OTRi UNRi PUBi IND PHY
        ONL UNI PUR FIN COM NAV INT DEM CNT STA POL HEA PRE LOC GOV"
      Cache-Control:
      - private
      X-Served-By:
      - www283.flickr.bf1.yahoo.com
      Vary:
      - Accept-Encoding
      Content-Length:
      - '364'
      Content-Type:
      - application/json
      Age:
      - '0'
      Via:
      - http/1.1 fts113.flickr.bf1.yahoo.com (ApacheTrafficServer/4.0.2 [cMsSf ]),
        http/1.1 r15.ycpi.ams.yahoo.net (ApacheTrafficServer/4.0.2 [cMsSf ])
      Server:
      - ATS
      Connection:
      - keep-alive
    body:
      encoding: UTF-8
      string: '{"photoset":{"id":"72157632367381040", "owner":"8558751@N06", "username":"ktnl",
        "primary":"8318972536", "secret":"eda82f692f", "server":"8499", "farm":9,
        "photos":28, "count_views":"31", "count_comments":"0", "count_photos":"28",
        "count_videos":0, "title":{"_content":"Paris"}, "description":{"_content":"These
        shots were taken in Paris, France in December 2012. Most of them are taken
        with my Nikon D80 and Nikkor 50mm f\/1.8 or Tokina 12-24mm f\/4."}, "can_comment":1,
        "date_create":"1356715289", "date_update":"1356717162", "coverphoto_server":"0",
        "coverphoto_farm":0}, "stat":"ok"}'
    http_version: 
  recorded_at: Sun, 13 Apr 2014 00:06:59 GMT
- request:
    method: post
    uri: https://api.flickr.com/services/rest/
    body:
      encoding: US-ASCII
      string: photoset_id=72157632367381040&method=flickr.photosets.getPhotos&format=json&nojsoncallback=1
    headers:
      Accept-Encoding:
      - gzip;q=1.0,deflate;q=0.6,identity;q=0.3
      Accept:
      - '*/*'
      User-Agent:
      - FlickRaw/0.9.8
      Authorization:
      - OAuth realm="https://api.flickr.com/services/rest/", oauth_consumer_key="<KUVA_API_KEY>",
        oauth_nonce="S6dhEC0vleqVzR01pJDAYD1SMlmmPf62hC8PUG4zx4c%3D", oauth_signature="<KUVA_SHARED_SECRET>%26<KUVA_ACCESS_SECRET>",
        oauth_signature_method="PLAINTEXT", oauth_timestamp="1397347619", oauth_token="<KUVA_ACCESS_TOKEN>",
        oauth_version="1.0"
      Content-Type:
      - application/x-www-form-urlencoded
  response:
    status:
      code: 200
      message: OK
    headers:
      Date:
      - Sun, 13 Apr 2014 00:06:59 GMT
      P3p:
      - policyref="http://info.yahoo.com/w3c/p3p.xml", CP="CAO DSP COR CUR ADM DEV
        TAI PSA PSD IVAi IVDi CONi TELo OTPi OUR DELi SAMi OTRi UNRi PUBi IND PHY
        ONL UNI PUR FIN COM NAV INT DEM CNT STA POL HEA PRE LOC GOV"
      Cache-Control:
      - private
      X-Served-By:
      - www299.flickr.bf1.yahoo.com
      Vary:
      - Accept-Encoding
      Content-Length:
      - '885'
      Content-Type:
      - application/json
      Age:
      - '0'
      Via:
      - http/1.1 fts124.flickr.bf1.yahoo.com (ApacheTrafficServer/4.0.2 [cMsSf ]),
        http/1.1 r15.ycpi.ams.yahoo.net (ApacheTrafficServer/4.0.2 [cMsSf ])
      Server:
      - ATS
      Connection:
      - keep-alive
    body:
      encoding: UTF-8
      string: '{"photoset":{"id":"72157632367381040", "primary":"8318972536", "owner":"8558751@N06",
        "ownername":"ktnl", "photo":[{"id":"8318972536", "secret":"eda82f692f", "server":"8499",
        "farm":9, "title":"Top of the Eiffel Tower", "isprimary":"1"}, {"id":"8317914535",
        "secret":"c7393787f3", "server":"8217", "farm":9, "title":"Mus\u00e9e du Louvre",
        "isprimary":"0"}, {"id":"8318972024", "secret":"c065315906", "server":"8075",
        "farm":9, "title":"Mus\u00e9e du Louvre", "isprimary":"0"}, {"id":"8317914047",
        "secret":"afebce8291", "server":"8353", "farm":9, "title":"Mus\u00e9e du Louvre",
        "isprimary":"0"}, {"id":"8317913769", "secret":"df65484bbf", "server":"8212",
        "farm":9, "title":"Eiffel Tower", "isprimary":"0"}, {"id":"8317913551", "secret":"08da94c65d",
        "server":"8504", "farm":9, "title":"La Fontaine du Palmier", "isprimary":"0"},
        {"id":"8317913297", "secret":"a8b7de8c16", "server":"8358", "farm":9, "title":"Arc
        de Triomphe", "isprimary":"0"}, {"id":"8317913027", "secret":"763e732630",
        "server":"8499", "farm":9, "title":"Arc de Triomphe", "isprimary":"0"}, {"id":"8318970578",
        "secret":"c50215a334", "server":"8218", "farm":9, "title":"Paris", "isprimary":"0"},
        {"id":"8317912585", "secret":"a4b5b3469a", "server":"8083", "farm":9, "title":"Eiffel
        Tower", "isprimary":"0"}, {"id":"8317912343", "secret":"c93152ca8d", "server":"8222",
        "farm":9, "title":"Mus\u00e9e de l''Arm\u00e9e", "isprimary":"0"}, {"id":"8317912099",
        "secret":"22b52e8d35", "server":"8363", "farm":9, "title":"Mus\u00e9e de l''Arm\u00e9e",
        "isprimary":"0"}, {"id":"8318969664", "secret":"153371a19b", "server":"8491",
        "farm":9, "title":"Mus\u00e9e de l''Arm\u00e9e", "isprimary":"0"}, {"id":"8317911683",
        "secret":"d512373239", "server":"8084", "farm":9, "title":"Pont Alexandre
        III", "isprimary":"0"}, {"id":"8317911437", "secret":"8be1e7efd3", "server":"8361",
        "farm":9, "title":"Grand Palais", "isprimary":"0"}, {"id":"8318968876", "secret":"26d5bd1878",
        "server":"8503", "farm":9, "title":"L''\u00e9glise de la Madeleine", "isprimary":"0"},
        {"id":"8318969046", "secret":"56251fd609", "server":"8494", "farm":9, "title":"Obelisk
        of Luxor", "isprimary":"0"}, {"id":"8317910789", "secret":"467d54a99f", "server":"8216",
        "farm":9, "title":"Palais Garnier", "isprimary":"0"}, {"id":"8317910509",
        "secret":"1216246904", "server":"8358", "farm":9, "title":"Mus\u00e9e du Louvre",
        "isprimary":"0"}, {"id":"8317910267", "secret":"b819e196fb", "server":"8491",
        "farm":9, "title":"Arc de Triomphe du Carrousel", "isprimary":"0"}, {"id":"8317910013",
        "secret":"eec4c96afe", "server":"8364", "farm":9, "title":"Mus\u00e9e du Louvre",
        "isprimary":"0"}, {"id":"8318967686", "secret":"624429e46d", "server":"8078",
        "farm":9, "title":"Mus\u00e9e du Louvre", "isprimary":"0"}, {"id":"8318967488",
        "secret":"0cdab1c40e", "server":"8500", "farm":9, "title":"H\u00f4tel de Ville
        of Paris", "isprimary":"0"}, {"id":"8317909259", "secret":"abb257d191", "server":"8361",
        "farm":9, "title":"Streets of Paris", "isprimary":"0"}, {"id":"8317908947",
        "secret":"5e26048412", "server":"8496", "farm":9, "title":"Notre Dame", "isprimary":"0"},
        {"id":"8318966772", "secret":"3e25079d52", "server":"8214", "farm":9, "title":"Notre
        Dame", "isprimary":"0"}, {"id":"8318966518", "secret":"a0666c4332", "server":"8360",
        "farm":9, "title":"Notre Dame", "isprimary":"0"}, {"id":"8318966322", "secret":"695cca1b95",
        "server":"8215", "farm":9, "title":"H\u00f4tel de Ville of Paris", "isprimary":"0"}],
        "page":1, "per_page":500, "perpage":500, "pages":1, "total":"28", "title":"Paris"},
        "stat":"ok"}'
    http_version: 
  recorded_at: Sun, 13 Apr 2014 00:06:59 GMT
- request:
    method: post
    uri: https://api.flickr.com/services/rest/
    body:
      encoding: US-ASCII
      string: method=flickr.reflection.getMethods&format=json&nojsoncallback=1
    headers:
      Accept-Encoding:
      - gzip;q=1.0,deflate;q=0.6,identity;q=0.3
      Accept:
      - '*/*'
      User-Agent:
      - FlickRaw/0.9.8
      Authorization:
      - OAuth realm="https://api.flickr.com/services/rest/", oauth_consumer_key="<KUVA_API_KEY>",
        oauth_nonce="qJflypJmNJZMSnobB0FZGQj2Vhb4B9v3lhIYE8NwvTk%3D", oauth_signature="<KUVA_SHARED_SECRET>%26",
        oauth_signature_method="PLAINTEXT", oauth_timestamp="1397347663", oauth_token="",
        oauth_version="1.0"
      Content-Type:
      - application/x-www-form-urlencoded
  response:
    status:
      code: 200
      message: OK
    headers:
      Date:
      - Sun, 13 Apr 2014 00:07:43 GMT
      P3p:
      - policyref="http://info.yahoo.com/w3c/p3p.xml", CP="CAO DSP COR CUR ADM DEV
        TAI PSA PSD IVAi IVDi CONi TELo OTPi OUR DELi SAMi OTRi UNRi PUBi IND PHY
        ONL UNI PUR FIN COM NAV INT DEM CNT STA POL HEA PRE LOC GOV"
      Cache-Control:
      - private
      X-Served-By:
      - www45.flickr.bf1.yahoo.com
      Vary:
      - Accept-Encoding
      Content-Length:
      - '1432'
      Content-Type:
      - application/json
      Age:
      - '0'
      Via:
      - http/1.1 fts111.flickr.bf1.yahoo.com (ApacheTrafficServer/4.0.2 [cMsSf ]),
        http/1.1 r03.ycpi.dee.yahoo.net (ApacheTrafficServer/4.0.2 [cMsSf ])
      Server:
      - ATS
      Connection:
      - keep-alive
    body:
      encoding: UTF-8
      string: '{"methods":{"method":[{"_content":"flickr.activity.userComments"},
        {"_content":"flickr.activity.userPhotos"}, {"_content":"flickr.auth.checkToken"},
        {"_content":"flickr.auth.getFrob"}, {"_content":"flickr.auth.getFullToken"},
        {"_content":"flickr.auth.getToken"}, {"_content":"flickr.auth.oauth.checkToken"},
        {"_content":"flickr.auth.oauth.getAccessToken"}, {"_content":"flickr.blogs.getList"},
        {"_content":"flickr.blogs.getServices"}, {"_content":"flickr.blogs.postPhoto"},
        {"_content":"flickr.cameras.getBrandModels"}, {"_content":"flickr.cameras.getBrands"},
        {"_content":"flickr.collections.getInfo"}, {"_content":"flickr.collections.getTree"},
        {"_content":"flickr.commons.getInstitutions"}, {"_content":"flickr.contacts.getList"},
        {"_content":"flickr.contacts.getListRecentlyUploaded"}, {"_content":"flickr.contacts.getPublicList"},
        {"_content":"flickr.contacts.getTaggingSuggestions"}, {"_content":"flickr.favorites.add"},
        {"_content":"flickr.favorites.getContext"}, {"_content":"flickr.favorites.getList"},
        {"_content":"flickr.favorites.getPublicList"}, {"_content":"flickr.favorites.remove"},
        {"_content":"flickr.galleries.addPhoto"}, {"_content":"flickr.galleries.create"},
        {"_content":"flickr.galleries.editMeta"}, {"_content":"flickr.galleries.editPhoto"},
        {"_content":"flickr.galleries.editPhotos"}, {"_content":"flickr.galleries.getInfo"},
        {"_content":"flickr.galleries.getList"}, {"_content":"flickr.galleries.getListForPhoto"},
        {"_content":"flickr.galleries.getPhotos"}, {"_content":"flickr.groups.browse"},
        {"_content":"flickr.groups.discuss.replies.add"}, {"_content":"flickr.groups.discuss.replies.delete"},
        {"_content":"flickr.groups.discuss.replies.edit"}, {"_content":"flickr.groups.discuss.replies.getInfo"},
        {"_content":"flickr.groups.discuss.replies.getList"}, {"_content":"flickr.groups.discuss.topics.add"},
        {"_content":"flickr.groups.discuss.topics.getInfo"}, {"_content":"flickr.groups.discuss.topics.getList"},
        {"_content":"flickr.groups.getInfo"}, {"_content":"flickr.groups.join"}, {"_content":"flickr.groups.joinRequest"},
        {"_content":"flickr.groups.leave"}, {"_content":"flickr.groups.members.getList"},
        {"_content":"flickr.groups.pools.add"}, {"_content":"flickr.groups.pools.getContext"},
        {"_content":"flickr.groups.pools.getGroups"}, {"_content":"flickr.groups.pools.getPhotos"},
        {"_content":"flickr.groups.pools.remove"}, {"_content":"flickr.groups.search"},
        {"_content":"flickr.interestingness.getList"}, {"_content":"flickr.machinetags.getNamespaces"},
        {"_content":"flickr.machinetags.getPairs"}, {"_content":"flickr.machinetags.getPredicates"},
        {"_content":"flickr.machinetags.getRecentValues"}, {"_content":"flickr.machinetags.getValues"},
        {"_content":"flickr.panda.getList"}, {"_content":"flickr.panda.getPhotos"},
        {"_content":"flickr.people.findByEmail"}, {"_content":"flickr.people.findByUsername"},
        {"_content":"flickr.people.getGroups"}, {"_content":"flickr.people.getInfo"},
        {"_content":"flickr.people.getLimits"}, {"_content":"flickr.people.getPhotos"},
        {"_content":"flickr.people.getPhotosOf"}, {"_content":"flickr.people.getPublicGroups"},
        {"_content":"flickr.people.getPublicPhotos"}, {"_content":"flickr.people.getUploadStatus"},
        {"_content":"flickr.photos.addTags"}, {"_content":"flickr.photos.comments.addComment"},
        {"_content":"flickr.photos.comments.deleteComment"}, {"_content":"flickr.photos.comments.editComment"},
        {"_content":"flickr.photos.comments.getList"}, {"_content":"flickr.photos.comments.getRecentForContacts"},
        {"_content":"flickr.photos.delete"}, {"_content":"flickr.photos.geo.batchCorrectLocation"},
        {"_content":"flickr.photos.geo.correctLocation"}, {"_content":"flickr.photos.geo.getLocation"},
        {"_content":"flickr.photos.geo.getPerms"}, {"_content":"flickr.photos.geo.photosForLocation"},
        {"_content":"flickr.photos.geo.removeLocation"}, {"_content":"flickr.photos.geo.setContext"},
        {"_content":"flickr.photos.geo.setLocation"}, {"_content":"flickr.photos.geo.setPerms"},
        {"_content":"flickr.photos.getAllContexts"}, {"_content":"flickr.photos.getContactsPhotos"},
        {"_content":"flickr.photos.getContactsPublicPhotos"}, {"_content":"flickr.photos.getContext"},
        {"_content":"flickr.photos.getCounts"}, {"_content":"flickr.photos.getExif"},
        {"_content":"flickr.photos.getFavorites"}, {"_content":"flickr.photos.getInfo"},
        {"_content":"flickr.photos.getNotInSet"}, {"_content":"flickr.photos.getPerms"},
        {"_content":"flickr.photos.getRecent"}, {"_content":"flickr.photos.getSizes"},
        {"_content":"flickr.photos.getUntagged"}, {"_content":"flickr.photos.getWithGeoData"},
        {"_content":"flickr.photos.getWithoutGeoData"}, {"_content":"flickr.photos.licenses.getInfo"},
        {"_content":"flickr.photos.licenses.setLicense"}, {"_content":"flickr.photos.notes.add"},
        {"_content":"flickr.photos.notes.delete"}, {"_content":"flickr.photos.notes.edit"},
        {"_content":"flickr.photos.people.add"}, {"_content":"flickr.photos.people.delete"},
        {"_content":"flickr.photos.people.deleteCoords"}, {"_content":"flickr.photos.people.editCoords"},
        {"_content":"flickr.photos.people.getList"}, {"_content":"flickr.photos.recentlyUpdated"},
        {"_content":"flickr.photos.removeTag"}, {"_content":"flickr.photos.search"},
        {"_content":"flickr.photos.setContentType"}, {"_content":"flickr.photos.setDates"},
        {"_content":"flickr.photos.setMeta"}, {"_content":"flickr.photos.setPerms"},
        {"_content":"flickr.photos.setSafetyLevel"}, {"_content":"flickr.photos.setTags"},
        {"_content":"flickr.photos.suggestions.approveSuggestion"}, {"_content":"flickr.photos.suggestions.getList"},
        {"_content":"flickr.photos.suggestions.rejectSuggestion"}, {"_content":"flickr.photos.suggestions.removeSuggestion"},
        {"_content":"flickr.photos.suggestions.suggestLocation"}, {"_content":"flickr.photos.transform.rotate"},
        {"_content":"flickr.photos.upload.checkTickets"}, {"_content":"flickr.photosets.addPhoto"},
        {"_content":"flickr.photosets.comments.addComment"}, {"_content":"flickr.photosets.comments.deleteComment"},
        {"_content":"flickr.photosets.comments.editComment"}, {"_content":"flickr.photosets.comments.getList"},
        {"_content":"flickr.photosets.create"}, {"_content":"flickr.photosets.delete"},
        {"_content":"flickr.photosets.editMeta"}, {"_content":"flickr.photosets.editPhotos"},
        {"_content":"flickr.photosets.getContext"}, {"_content":"flickr.photosets.getInfo"},
        {"_content":"flickr.photosets.getList"}, {"_content":"flickr.photosets.getPhotos"},
        {"_content":"flickr.photosets.orderSets"}, {"_content":"flickr.photosets.removePhoto"},
        {"_content":"flickr.photosets.removePhotos"}, {"_content":"flickr.photosets.reorderPhotos"},
        {"_content":"flickr.photosets.setPrimaryPhoto"}, {"_content":"flickr.places.find"},
        {"_content":"flickr.places.findByLatLon"}, {"_content":"flickr.places.getChildrenWithPhotosPublic"},
        {"_content":"flickr.places.getInfo"}, {"_content":"flickr.places.getInfoByUrl"},
        {"_content":"flickr.places.getPlaceTypes"}, {"_content":"flickr.places.getShapeHistory"},
        {"_content":"flickr.places.getTopPlacesList"}, {"_content":"flickr.places.placesForBoundingBox"},
        {"_content":"flickr.places.placesForContacts"}, {"_content":"flickr.places.placesForTags"},
        {"_content":"flickr.places.placesForUser"}, {"_content":"flickr.places.resolvePlaceId"},
        {"_content":"flickr.places.resolvePlaceURL"}, {"_content":"flickr.places.tagsForPlace"},
        {"_content":"flickr.prefs.getContentType"}, {"_content":"flickr.prefs.getGeoPerms"},
        {"_content":"flickr.prefs.getHidden"}, {"_content":"flickr.prefs.getPrivacy"},
        {"_content":"flickr.prefs.getSafetyLevel"}, {"_content":"flickr.push.getSubscriptions"},
        {"_content":"flickr.push.getTopics"}, {"_content":"flickr.push.subscribe"},
        {"_content":"flickr.push.unsubscribe"}, {"_content":"flickr.reflection.getMethodInfo"},
        {"_content":"flickr.reflection.getMethods"}, {"_content":"flickr.stats.getCollectionDomains"},
        {"_content":"flickr.stats.getCollectionReferrers"}, {"_content":"flickr.stats.getCollectionStats"},
        {"_content":"flickr.stats.getCSVFiles"}, {"_content":"flickr.stats.getPhotoDomains"},
        {"_content":"flickr.stats.getPhotoReferrers"}, {"_content":"flickr.stats.getPhotosetDomains"},
        {"_content":"flickr.stats.getPhotosetReferrers"}, {"_content":"flickr.stats.getPhotosetStats"},
        {"_content":"flickr.stats.getPhotoStats"}, {"_content":"flickr.stats.getPhotostreamDomains"},
        {"_content":"flickr.stats.getPhotostreamReferrers"}, {"_content":"flickr.stats.getPhotostreamStats"},
        {"_content":"flickr.stats.getPopularPhotos"}, {"_content":"flickr.stats.getTotalViews"},
        {"_content":"flickr.tags.getClusterPhotos"}, {"_content":"flickr.tags.getClusters"},
        {"_content":"flickr.tags.getHotList"}, {"_content":"flickr.tags.getListPhoto"},
        {"_content":"flickr.tags.getListUser"}, {"_content":"flickr.tags.getListUserPopular"},
        {"_content":"flickr.tags.getListUserRaw"}, {"_content":"flickr.tags.getMostFrequentlyUsed"},
        {"_content":"flickr.tags.getRelated"}, {"_content":"flickr.test.echo"}, {"_content":"flickr.test.login"},
        {"_content":"flickr.test.null"}, {"_content":"flickr.urls.getGroup"}, {"_content":"flickr.urls.getUserPhotos"},
        {"_content":"flickr.urls.getUserProfile"}, {"_content":"flickr.urls.lookupGallery"},
        {"_content":"flickr.urls.lookupGroup"}, {"_content":"flickr.urls.lookupUser"}]},
        "stat":"ok"}'
    http_version: 
  recorded_at: Sun, 13 Apr 2014 00:07:43 GMT
recorded_with: VCR 2.9.0
